[2025-11-14 15:01:24] [ERROR] :x: Pipeline failed for UID 2b81bbdc-4d31-4302-a2b0-b20b08596b88: AudioFactory.text_files_to_audio_bytes() takes 1 positional argument but 2 were given
[2025-11-14 15:01:24] [ERROR] Traceback (most recent call last):
  File "C:\ArkMalay\Framework_1\tutor\src\main.py", line 55, in process_pipeline
    video_bytes_list, audio_bytes_list = await asyncio.gather(video_task, audio_task)
                                         ^^^^^^^^^^^^^^^^^^^^^^^^^^^^^^^^^^^^^^^^^^^^
  File "C:\ArkMalay\Framework_1\tutor\src\main.py", line 23, in run_in_executor
    return await loop.run_in_executor(executor, func, *args)
           ^^^^^^^^^^^^^^^^^^^^^^^^^^^^^^^^^^^^^^^^^^^^^^^^^
  File "C:\Users\malay\AppData\Local\Programs\Python\Python312\Lib\concurrent\futures\thread.py", line 58, in run
    result = self.fn(*self.args, **self.kwargs)
             ^^^^^^^^^^^^^^^^^^^^^^^^^^^^^^^^^^
  File "C:\ArkMalay\Framework_1\tutor\src\processor\process_factory.py", line 28, in <lambda>
    return lambda: KokoroAudioFactory.text_files_to_audio_bytes(generated_files, unique_id)
                   ^^^^^^^^^^^^^^^^^^^^^^^^^^^^^^^^^^^^^^^^^^^^^^^^^^^^^^^^^^^^^^^^^^^^^^^^
TypeError: AudioFactory.text_files_to_audio_bytes() takes 1 positional argument but 2 were given

[2025-11-14 15:01:24] [ERROR] ❌ Video generation error
Traceback (most recent call last):
  File "C:\ArkMalay\Framework_1\tutor\src\video_pipeline\routes\video_routes.py", line 36, in generate_videos_endpoint
    output_path = await process_pipeline(
                  ^^^^^^^^^^^^^^^^^^^^^^^
  File "C:\ArkMalay\Framework_1\tutor\src\main.py", line 55, in process_pipeline
    video_bytes_list, audio_bytes_list = await asyncio.gather(video_task, audio_task)
                                         ^^^^^^^^^^^^^^^^^^^^^^^^^^^^^^^^^^^^^^^^^^^^
  File "C:\ArkMalay\Framework_1\tutor\src\main.py", line 23, in run_in_executor
    return await loop.run_in_executor(executor, func, *args)
           ^^^^^^^^^^^^^^^^^^^^^^^^^^^^^^^^^^^^^^^^^^^^^^^^^
  File "C:\Users\malay\AppData\Local\Programs\Python\Python312\Lib\concurrent\futures\thread.py", line 58, in run
    result = self.fn(*self.args, **self.kwargs)
             ^^^^^^^^^^^^^^^^^^^^^^^^^^^^^^^^^^
  File "C:\ArkMalay\Framework_1\tutor\src\processor\process_factory.py", line 28, in <lambda>
    return lambda: KokoroAudioFactory.text_files_to_audio_bytes(generated_files, unique_id)
                   ^^^^^^^^^^^^^^^^^^^^^^^^^^^^^^^^^^^^^^^^^^^^^^^^^^^^^^^^^^^^^^^^^^^^^^^^
TypeError: AudioFactory.text_files_to_audio_bytes() takes 1 positional argument but 2 were given
[2025-11-14 15:01:24] [ERROR] ❌ HTTP 500: {"detail":"AudioFactory.text_files_to_audio_bytes() takes 1 positional argument but 2 were given"}
[2025-11-14 15:01:24] [ERROR] ❌ Video generation failed for 2b81bbdc-4d31-4302-a2b0-b20b08596b88: 500: {"detail":"AudioFactory.text_files_to_audio_bytes() takes 1 positional argument but 2 were given"}
[2025-11-14 15:01:24] [ERROR] ❌ Unhandled error in write_scripts endpoint
Traceback (most recent call last):
  File "C:\ArkMalay\Framework_1\tutor\src\video_pipeline\routes\write_routes.py", line 101, in write_scripts
    video_result = await async_post(
                   ^^^^^^^^^^^^^^^^^
  File "C:\ArkMalay\Framework_1\tutor\src\video_pipeline\utils.py", line 15, in async_post
    raise HTTPException(status_code=resp.status_code, detail=resp.text)
fastapi.exceptions.HTTPException: 500: {"detail":"AudioFactory.text_files_to_audio_bytes() takes 1 positional argument but 2 were given"}

During handling of the above exception, another exception occurred:

Traceback (most recent call last):
  File "C:\ArkMalay\Framework_1\tutor\src\video_pipeline\routes\write_routes.py", line 120, in write_scripts
    raise HTTPException(status_code=500, detail=err_msg)
fastapi.exceptions.HTTPException: 500: ❌ Video generation failed for 2b81bbdc-4d31-4302-a2b0-b20b08596b88: 500: {"detail":"AudioFactory.text_files_to_audio_bytes() takes 1 positional argument but 2 were given"}
[2025-11-14 15:01:24] [ERROR] ❌ HTTP 500: {"detail":"500: ❌ Video generation failed for 2b81bbdc-4d31-4302-a2b0-b20b08596b88: 500: {\"detail\":\"AudioFactory.text_files_to_audio_bytes() takes 1 positional argument but 2 were given\"}"}
[2025-11-14 15:01:24] [ERROR] ❌ Error generating code
Traceback (most recent call last):
  File "C:\ArkMalay\Framework_1\tutor\src\video_pipeline\routes\generator_routes.py", line 30, in generate_code_endpoint
    write_result = await async_post(write_url, result, timeout=120)
                   ^^^^^^^^^^^^^^^^^^^^^^^^^^^^^^^^^^^^^^^^^^^^^^^^
  File "C:\ArkMalay\Framework_1\tutor\src\video_pipeline\utils.py", line 15, in async_post
    raise HTTPException(status_code=resp.status_code, detail=resp.text)
fastapi.exceptions.HTTPException: 500: {"detail":"500: ❌ Video generation failed for 2b81bbdc-4d31-4302-a2b0-b20b08596b88: 500: {\"detail\":\"AudioFactory.text_files_to_audio_bytes() takes 1 positional argument but 2 were given\"}"}
[2025-11-14 15:01:25] [ERROR] ❌ HTTP 500: {"detail":"500: {\"detail\":\"500: ❌ Video generation failed for 2b81bbdc-4d31-4302-a2b0-b20b08596b88: 500: {\\\"detail\\\":\\\"AudioFactory.text_files_to_audio_bytes() takes 1 positional argument but 2 were given\\\"}\"}"}
[2025-11-14 15:03:44] [ERROR] :x: Pipeline failed for UID 0e7f2fee-5bde-4b4b-9b28-36a9ef96072a: AudioFactory.text_files_to_audio_bytes() takes 1 positional argument but 2 were given
[2025-11-14 15:03:44] [ERROR] Traceback (most recent call last):
  File "C:\ArkMalay\Framework_1\tutor\src\main.py", line 55, in process_pipeline
    video_bytes_list, audio_bytes_list = await asyncio.gather(video_task, audio_task)
                                         ^^^^^^^^^^^^^^^^^^^^^^^^^^^^^^^^^^^^^^^^^^^^
  File "C:\ArkMalay\Framework_1\tutor\src\main.py", line 23, in run_in_executor
    return await loop.run_in_executor(executor, func, *args)
           ^^^^^^^^^^^^^^^^^^^^^^^^^^^^^^^^^^^^^^^^^^^^^^^^^
  File "C:\Users\malay\AppData\Local\Programs\Python\Python312\Lib\concurrent\futures\thread.py", line 58, in run
    result = self.fn(*self.args, **self.kwargs)
             ^^^^^^^^^^^^^^^^^^^^^^^^^^^^^^^^^^
  File "C:\ArkMalay\Framework_1\tutor\src\processor\process_factory.py", line 28, in <lambda>
    return lambda: KokoroAudioFactory.text_files_to_audio_bytes(generated_files, unique_id)
                   ^^^^^^^^^^^^^^^^^^^^^^^^^^^^^^^^^^^^^^^^^^^^^^^^^^^^^^^^^^^^^^^^^^^^^^^^
TypeError: AudioFactory.text_files_to_audio_bytes() takes 1 positional argument but 2 were given

[2025-11-14 15:03:44] [ERROR] ❌ Video generation error
Traceback (most recent call last):
  File "C:\ArkMalay\Framework_1\tutor\src\video_pipeline\routes\video_routes.py", line 36, in generate_videos_endpoint
    output_path = await process_pipeline(
                  ^^^^^^^^^^^^^^^^^^^^^^^
  File "C:\ArkMalay\Framework_1\tutor\src\main.py", line 55, in process_pipeline
    video_bytes_list, audio_bytes_list = await asyncio.gather(video_task, audio_task)
                                         ^^^^^^^^^^^^^^^^^^^^^^^^^^^^^^^^^^^^^^^^^^^^
  File "C:\ArkMalay\Framework_1\tutor\src\main.py", line 23, in run_in_executor
    return await loop.run_in_executor(executor, func, *args)
           ^^^^^^^^^^^^^^^^^^^^^^^^^^^^^^^^^^^^^^^^^^^^^^^^^
  File "C:\Users\malay\AppData\Local\Programs\Python\Python312\Lib\concurrent\futures\thread.py", line 58, in run
    result = self.fn(*self.args, **self.kwargs)
             ^^^^^^^^^^^^^^^^^^^^^^^^^^^^^^^^^^
  File "C:\ArkMalay\Framework_1\tutor\src\processor\process_factory.py", line 28, in <lambda>
    return lambda: KokoroAudioFactory.text_files_to_audio_bytes(generated_files, unique_id)
                   ^^^^^^^^^^^^^^^^^^^^^^^^^^^^^^^^^^^^^^^^^^^^^^^^^^^^^^^^^^^^^^^^^^^^^^^^
TypeError: AudioFactory.text_files_to_audio_bytes() takes 1 positional argument but 2 were given
[2025-11-14 15:03:44] [ERROR] ❌ HTTP 500: {"detail":"AudioFactory.text_files_to_audio_bytes() takes 1 positional argument but 2 were given"}
[2025-11-14 15:03:44] [ERROR] ❌ Video generation failed for 0e7f2fee-5bde-4b4b-9b28-36a9ef96072a: 500: {"detail":"AudioFactory.text_files_to_audio_bytes() takes 1 positional argument but 2 were given"}
[2025-11-14 15:03:44] [ERROR] ❌ Unhandled error in write_scripts endpoint
Traceback (most recent call last):
  File "C:\ArkMalay\Framework_1\tutor\src\video_pipeline\routes\write_routes.py", line 101, in write_scripts
    video_result = await async_post(
                   ^^^^^^^^^^^^^^^^^
  File "C:\ArkMalay\Framework_1\tutor\src\video_pipeline\utils.py", line 15, in async_post
    raise HTTPException(status_code=resp.status_code, detail=resp.text)
fastapi.exceptions.HTTPException: 500: {"detail":"AudioFactory.text_files_to_audio_bytes() takes 1 positional argument but 2 were given"}

During handling of the above exception, another exception occurred:

Traceback (most recent call last):
  File "C:\ArkMalay\Framework_1\tutor\src\video_pipeline\routes\write_routes.py", line 120, in write_scripts
    raise HTTPException(status_code=500, detail=err_msg)
fastapi.exceptions.HTTPException: 500: ❌ Video generation failed for 0e7f2fee-5bde-4b4b-9b28-36a9ef96072a: 500: {"detail":"AudioFactory.text_files_to_audio_bytes() takes 1 positional argument but 2 were given"}
[2025-11-14 15:03:44] [ERROR] ❌ HTTP 500: {"detail":"500: ❌ Video generation failed for 0e7f2fee-5bde-4b4b-9b28-36a9ef96072a: 500: {\"detail\":\"AudioFactory.text_files_to_audio_bytes() takes 1 positional argument but 2 were given\"}"}
[2025-11-14 15:03:44] [ERROR] ❌ Error generating code
Traceback (most recent call last):
  File "C:\ArkMalay\Framework_1\tutor\src\video_pipeline\routes\generator_routes.py", line 30, in generate_code_endpoint
    write_result = await async_post(write_url, result, timeout=120)
                   ^^^^^^^^^^^^^^^^^^^^^^^^^^^^^^^^^^^^^^^^^^^^^^^^
  File "C:\ArkMalay\Framework_1\tutor\src\video_pipeline\utils.py", line 15, in async_post
    raise HTTPException(status_code=resp.status_code, detail=resp.text)
fastapi.exceptions.HTTPException: 500: {"detail":"500: ❌ Video generation failed for 0e7f2fee-5bde-4b4b-9b28-36a9ef96072a: 500: {\"detail\":\"AudioFactory.text_files_to_audio_bytes() takes 1 positional argument but 2 were given\"}"}
[2025-11-14 15:03:44] [ERROR] ❌ HTTP 500: {"detail":"500: {\"detail\":\"500: ❌ Video generation failed for 0e7f2fee-5bde-4b4b-9b28-36a9ef96072a: 500: {\\\"detail\\\":\\\"AudioFactory.text_files_to_audio_bytes() takes 1 positional argument but 2 were given\\\"}\"}"}
