[2025-11-18 15:26:09] [ERROR] 
❌ Error running Manim on C:/Vivek_Main/Temp_Data/20251118_152558_beb0e7d5-7f6e-46a8-a699-85561720b52f/script_seq1/script_seq1.py
──────────────────────────────────────────────
STDERR:
Traceback (most recent call last):
  File "<frozen runpy>", line 198, in _run_module_as_main
  File "<frozen runpy>", line 88, in _run_code
  File "C:\Vivek_Main\feature_vivek\tutor\.venv\Scripts\manim.exe\__main__.py", line 7, in <module>
  File "C:\Vivek_Main\feature_vivek\tutor\.venv\Lib\site-packages\click\core.py", line 1161, in __call__
    return self.main(*args, **kwargs)
           ^^^^^^^^^^^^^^^^^^^^^^^^^^
  File "C:\Vivek_Main\feature_vivek\tutor\.venv\Lib\site-packages\click\core.py", line 1082, in main
    rv = self.invoke(ctx)
         ^^^^^^^^^^^^^^^^
  File "C:\Vivek_Main\feature_vivek\tutor\.venv\Lib\site-packages\click\core.py", line 1697, in invoke
    return _process_result(sub_ctx.command.invoke(sub_ctx))
                           ^^^^^^^^^^^^^^^^^^^^^^^^^^^^^^^
  File "C:\Vivek_Main\feature_vivek\tutor\.venv\Lib\site-packages\click\core.py", line 1443, in invoke
    return ctx.invoke(self.callback, **ctx.params)
           ^^^^^^^^^^^^^^^^^^^^^^^^^^^^^^^^^^^^^^^
  File "C:\Vivek_Main\feature_vivek\tutor\.venv\Lib\site-packages\click\core.py", line 788, in invoke
    return __callback(*args, **kwargs)
           ^^^^^^^^^^^^^^^^^^^^^^^^^^^
  File "C:\Vivek_Main\feature_vivek\tutor\.venv\Lib\site-packages\manim\cli\render\commands.py", line 121, in render
    for SceneClass in scene_classes_from_file(file):
                      ^^^^^^^^^^^^^^^^^^^^^^^^^^^^^
  File "C:\Vivek_Main\feature_vivek\tutor\.venv\Lib\site-packages\manim\utils\module_ops.py", line 167, in scene_classes_from_file
    module = get_module(file_path)
             ^^^^^^^^^^^^^^^^^^^^^
  File "C:\Vivek_Main\feature_vivek\tutor\.venv\Lib\site-packages\manim\utils\module_ops.py", line 67, in get_module
    spec.loader.exec_module(module)
  File "<frozen importlib._bootstrap_external>", line 990, in exec_module
  File "<frozen importlib._bootstrap_external>", line 1128, in get_code
  File "<frozen importlib._bootstrap_external>", line 1058, in source_to_code
  File "<frozen importlib._bootstrap>", line 488, in _call_with_frames_removed
  File "C:\Vivek_Main\Temp_Data\20251118_152558_beb0e7d5-7f6e-46a8-a699-85561720b52f\script_seq1\script_seq1.py", line 8
    The fixed code addresses issues related to text size and positioning. Here's a breakdown of the changes:
                                                                              ^
SyntaxError: unterminated string literal (detected at line 8)

STDOUT:
Manim Community v0.19.0
──────────────────────────────────────────────

[2025-11-18 15:26:21] [ERROR] 
❌ Error running Manim on C:/Vivek_Main/Temp_Data/20251118_152558_beb0e7d5-7f6e-46a8-a699-85561720b52f/script_seq2/script_seq2.py
──────────────────────────────────────────────
STDERR:
Traceback (most recent call last):
  File "<frozen runpy>", line 198, in _run_module_as_main
  File "<frozen runpy>", line 88, in _run_code
  File "C:\Vivek_Main\feature_vivek\tutor\.venv\Scripts\manim.exe\__main__.py", line 7, in <module>
  File "C:\Vivek_Main\feature_vivek\tutor\.venv\Lib\site-packages\click\core.py", line 1161, in __call__
    return self.main(*args, **kwargs)
           ^^^^^^^^^^^^^^^^^^^^^^^^^^
  File "C:\Vivek_Main\feature_vivek\tutor\.venv\Lib\site-packages\click\core.py", line 1082, in main
    rv = self.invoke(ctx)
         ^^^^^^^^^^^^^^^^
  File "C:\Vivek_Main\feature_vivek\tutor\.venv\Lib\site-packages\click\core.py", line 1697, in invoke
    return _process_result(sub_ctx.command.invoke(sub_ctx))
                           ^^^^^^^^^^^^^^^^^^^^^^^^^^^^^^^
  File "C:\Vivek_Main\feature_vivek\tutor\.venv\Lib\site-packages\click\core.py", line 1443, in invoke
    return ctx.invoke(self.callback, **ctx.params)
           ^^^^^^^^^^^^^^^^^^^^^^^^^^^^^^^^^^^^^^^
  File "C:\Vivek_Main\feature_vivek\tutor\.venv\Lib\site-packages\click\core.py", line 788, in invoke
    return __callback(*args, **kwargs)
           ^^^^^^^^^^^^^^^^^^^^^^^^^^^
  File "C:\Vivek_Main\feature_vivek\tutor\.venv\Lib\site-packages\manim\cli\render\commands.py", line 121, in render
    for SceneClass in scene_classes_from_file(file):
                      ^^^^^^^^^^^^^^^^^^^^^^^^^^^^^
  File "C:\Vivek_Main\feature_vivek\tutor\.venv\Lib\site-packages\manim\utils\module_ops.py", line 167, in scene_classes_from_file
    module = get_module(file_path)
             ^^^^^^^^^^^^^^^^^^^^^
  File "C:\Vivek_Main\feature_vivek\tutor\.venv\Lib\site-packages\manim\utils\module_ops.py", line 67, in get_module
    spec.loader.exec_module(module)
  File "<frozen importlib._bootstrap_external>", line 990, in exec_module
  File "<frozen importlib._bootstrap_external>", line 1128, in get_code
  File "<frozen importlib._bootstrap_external>", line 1058, in source_to_code
  File "<frozen importlib._bootstrap>", line 488, in _call_with_frames_removed
  File "C:\Vivek_Main\Temp_Data\20251118_152558_beb0e7d5-7f6e-46a8-a699-85561720b52f\script_seq2\script_seq2.py", line 3
    The second set of code snippets, labeled "Original Bug Snippet" and "Fixed Bug Snippet," seem to address a specific issue related to the positioning and orientation of elements in a 3D context.
                                                                                                                                                                                          ^
SyntaxError: invalid decimal literal

STDOUT:
Manim Community v0.19.0
──────────────────────────────────────────────

[2025-11-18 15:27:10] [ERROR] ❌ Pipeline failed for UID beb0e7d5-7f6e-46a8-a699-85561720b52f: transaction() got an unexpected keyword argument 'manim_output_status'
[2025-11-18 15:27:10] [ERROR] Traceback (most recent call last):
  File "C:\Vivek_Main\feature_vivek\tutor\src\processor\Manim\video_factory.py", line 123, in run_manim_on_files
    transaction(unique_id, manim_output_status="Unsuccessful video generation")
TypeError: transaction() got an unexpected keyword argument 'manim_output_status'

During handling of the above exception, another exception occurred:

Traceback (most recent call last):
  File "C:\Vivek_Main\feature_vivek\tutor\src\main.py", line 59, in process_pipeline
    video_bytes_list, audio_bytes_list = await asyncio.gather(video_task, audio_task)
                                         ^^^^^^^^^^^^^^^^^^^^^^^^^^^^^^^^^^^^^^^^^^^^
  File "C:\Vivek_Main\feature_vivek\tutor\src\main.py", line 23, in run_in_executor
    return await loop.run_in_executor(executor, func, *args)
           ^^^^^^^^^^^^^^^^^^^^^^^^^^^^^^^^^^^^^^^^^^^^^^^^^
  File "C:\Users\vivek_vslen2j\AppData\Local\Programs\Python\Python312\Lib\concurrent\futures\thread.py", line 58, in run
    result = self.fn(*self.args, **self.kwargs)
             ^^^^^^^^^^^^^^^^^^^^^^^^^^^^^^^^^^
  File "C:\Vivek_Main\feature_vivek\tutor\src\processor\process_factory.py", line 16, in <lambda>
    return lambda: VideoFactory.run_manim_on_files(generated_files, unique_id)
                   ^^^^^^^^^^^^^^^^^^^^^^^^^^^^^^^^^^^^^^^^^^^^^^^^^^^^^^^^^^^
  File "C:\Vivek_Main\feature_vivek\tutor\src\processor\Manim\video_factory.py", line 131, in run_manim_on_files
    transaction(unique_id, manim_output_status="Unsuccessful video generation")
TypeError: transaction() got an unexpected keyword argument 'manim_output_status'

[2025-11-18 15:27:11] [ERROR] ❌ Video generation error
Traceback (most recent call last):
  File "C:\Vivek_Main\feature_vivek\tutor\src\processor\Manim\video_factory.py", line 123, in run_manim_on_files
    transaction(unique_id, manim_output_status="Unsuccessful video generation")
TypeError: transaction() got an unexpected keyword argument 'manim_output_status'

During handling of the above exception, another exception occurred:

Traceback (most recent call last):
  File "C:\Vivek_Main\feature_vivek\tutor\src\video_pipeline\routes\video_routes.py", line 36, in generate_videos_endpoint
    output_path = await process_pipeline(
                  ^^^^^^^^^^^^^^^^^^^^^^^
  File "C:\Vivek_Main\feature_vivek\tutor\src\main.py", line 59, in process_pipeline
    video_bytes_list, audio_bytes_list = await asyncio.gather(video_task, audio_task)
                                         ^^^^^^^^^^^^^^^^^^^^^^^^^^^^^^^^^^^^^^^^^^^^
  File "C:\Vivek_Main\feature_vivek\tutor\src\main.py", line 23, in run_in_executor
    return await loop.run_in_executor(executor, func, *args)
           ^^^^^^^^^^^^^^^^^^^^^^^^^^^^^^^^^^^^^^^^^^^^^^^^^
  File "C:\Users\vivek_vslen2j\AppData\Local\Programs\Python\Python312\Lib\concurrent\futures\thread.py", line 58, in run
    result = self.fn(*self.args, **self.kwargs)
             ^^^^^^^^^^^^^^^^^^^^^^^^^^^^^^^^^^
  File "C:\Vivek_Main\feature_vivek\tutor\src\processor\process_factory.py", line 16, in <lambda>
    return lambda: VideoFactory.run_manim_on_files(generated_files, unique_id)
                   ^^^^^^^^^^^^^^^^^^^^^^^^^^^^^^^^^^^^^^^^^^^^^^^^^^^^^^^^^^^
  File "C:\Vivek_Main\feature_vivek\tutor\src\processor\Manim\video_factory.py", line 131, in run_manim_on_files
    transaction(unique_id, manim_output_status="Unsuccessful video generation")
TypeError: transaction() got an unexpected keyword argument 'manim_output_status'
[2025-11-18 15:27:11] [ERROR] ❌ HTTP 500: {"detail":"transaction() got an unexpected keyword argument 'manim_output_status'"}
[2025-11-18 15:27:11] [ERROR] ❌ Video generation failed for beb0e7d5-7f6e-46a8-a699-85561720b52f: 500: {"detail":"transaction() got an unexpected keyword argument 'manim_output_status'"}
[2025-11-18 15:27:11] [ERROR] ❌ Unhandled error in write_scripts endpoint
Traceback (most recent call last):
  File "C:\Vivek_Main\feature_vivek\tutor\src\video_pipeline\routes\write_routes.py", line 104, in write_scripts
    video_result = await async_post(
                   ^^^^^^^^^^^^^^^^^
  File "C:\Vivek_Main\feature_vivek\tutor\src\video_pipeline\utils.py", line 15, in async_post
    raise HTTPException(status_code=resp.status_code, detail=resp.text)
fastapi.exceptions.HTTPException: 500: {"detail":"transaction() got an unexpected keyword argument 'manim_output_status'"}

During handling of the above exception, another exception occurred:

Traceback (most recent call last):
  File "C:\Vivek_Main\feature_vivek\tutor\src\video_pipeline\routes\write_routes.py", line 123, in write_scripts
    raise HTTPException(status_code=500, detail=err_msg)
fastapi.exceptions.HTTPException: 500: ❌ Video generation failed for beb0e7d5-7f6e-46a8-a699-85561720b52f: 500: {"detail":"transaction() got an unexpected keyword argument 'manim_output_status'"}
[2025-11-18 15:27:11] [ERROR] ❌ HTTP 500: {"detail":"500: ❌ Video generation failed for beb0e7d5-7f6e-46a8-a699-85561720b52f: 500: {\"detail\":\"transaction() got an unexpected keyword argument 'manim_output_status'\"}"}
[2025-11-18 15:27:11] [ERROR] ❌ Error generating code
Traceback (most recent call last):
  File "C:\Vivek_Main\feature_vivek\tutor\src\video_pipeline\routes\generator_routes.py", line 30, in generate_code_endpoint
    write_result = await async_post(write_url, result, timeout=120)
                   ^^^^^^^^^^^^^^^^^^^^^^^^^^^^^^^^^^^^^^^^^^^^^^^^
  File "C:\Vivek_Main\feature_vivek\tutor\src\video_pipeline\utils.py", line 15, in async_post
    raise HTTPException(status_code=resp.status_code, detail=resp.text)
fastapi.exceptions.HTTPException: 500: {"detail":"500: ❌ Video generation failed for beb0e7d5-7f6e-46a8-a699-85561720b52f: 500: {\"detail\":\"transaction() got an unexpected keyword argument 'manim_output_status'\"}"}
[2025-11-18 15:27:11] [ERROR] ❌ HTTP 500: {"detail":"500: {\"detail\":\"500: ❌ Video generation failed for beb0e7d5-7f6e-46a8-a699-85561720b52f: 500: {\\\"detail\\\":\\\"transaction() got an unexpected keyword argument 'manim_output_status'\\\"}\"}"}
